// Vitest Snapshot v1, https://vitest.dev/guide/snapshot.html

exports[`MyAwesomeApp > should match with snapshot 1`] = `
<div>
  <h1>
    Demetrio
  </h1>
  <h2>
    Sinisterra
  </h2>
  <p>
    Elden Ring, Smash Bros, Metal Gear
  </p>
  <p>
    6
  </p>
  <p>
    Activo
  </p>
  <h3
    style="background-color: rgb(240, 240, 240); border-radius: 10px; padding: 10px;"
  >
    {"zipCode":"ABC-123","country":"Colombia"}
  </h3>
</div>
`;
