// Jest Snapshot v1, https://goo.gl/fbAQLP

exports[`Prueba del archivo <GifItem/> Prueba propiedades requeridas titulo urls 1`] = `
<div>
  <div
    class="card"
  >
    <img
      alt="Titulo P"
      src="http://localhost/"
    />
    <p>
      Titulo P
    </p>
  </div>
</div>
`;
