// Jest Snapshot v1, https://goo.gl/fbAQLP

exports[`Pruebas del componente <CounterApp/> Pruebas debe hacer match con el snapshot 1`] = `
<div>
  <h1>
    Evento clic
  </h1>
  <h2>
    2
  </h2>
  <button>
     + 1
  </button>
  <button>
     - 1
  </button>
  <button
    aria-label="btn-reset"
  >
     Reset
  </button>
</div>
`;
