// Jest Snapshot v1, https://goo.gl/fbAQLP

exports[`Pruebas del componente <SeconsApp/> Pruebas SeconsApp debe hacer match con el snapshot 1`] = `
<div>
  <h1
    data-testid="test-title"
  >
     
    Ejemplo No hay tiulo
     
  </h1>
  <p>
    Mis primeras props titulo: Trabajando Con Las Props O Propiedades De La Aplicaci√≥n:
  </p>
  <p>
    Mis primeras props subtitulo: 
    13
  </p>
</div>
`;
